
[TeamCityReport when configured to write the report inside a folder creates the folder and the report file - 1]
##teamcity[testSuiteStarted name='My Suite']
##teamcity[testStarted name='|[It|] A B C |[dolphin, gorilla, cow, cat, dog|]']
##teamcity[testFailed name='|[It|] A B C |[dolphin, gorilla, cow, cat, dog|]' message='timedout - failure|nmessage' details='|[TIMEDOUT|] failure|nmessage|nIn |[It|] at: cl3.go:103 @ 09/09/25 10:50:00|n|n|[PANICKED|] |nIn |[It|] at: cl4.go:144 @ 09/09/25 10:50:00|n|nthe panic!|n|nFull Stack Trace|n  full-trace|n  cl-4|n|nThere were additional failures detected after the initial failure. These are visible in the timeline|n']
##teamcity[testStdOut name='|[It|] A B C |[dolphin, gorilla, cow, cat, dog|]' out='some captured stdout|n']
##teamcity[testStdErr name='|[It|] A B C |[dolphin, gorilla, cow, cat, dog|]' out='STEP: a by step - cl0.go:12 @ 09/09/25 10:50:00|n> Enter |[It|] C - cl2.go:80 @ 09/09/25 10:50:00|nginkgowriter|n|[TIMEDOUT|] failure|nmessage|nIn |[It|] at: cl3.go:103 @ 09/09/25 10:50:00|noutput|n|[PANICKED|] |nIn |[It|] at: cl4.go:144 @ 09/09/25 10:50:00|n|nthe panic!|n|nFull Stack Trace|n  full-trace|n  cl-4|n< Exit |[It|] C - cl2.go:80 @ 09/09/25 10:50:00 (87ms)|na report entry - cl1.go:37 @ 09/09/25 10:50:00|na hidden report entry - cl1.go:37 @ 09/09/25 10:50:00|ncleanup!|n|[FAILED|] a subsequent failure|nIn |[AfterEach|] at: :0 @ 09/09/25 10:50:00|n']
##teamcity[testFinished name='|[It|] A B C |[dolphin, gorilla, cow, cat, dog|]' duration='1000']
##teamcity[testStarted name='|[It|] A']
##teamcity[testStdOut name='|[It|] A' out='some captured stdout|n']
##teamcity[testStdErr name='|[It|] A' out='> Enter |[It|] A - cl0.go:12 @ 09/09/25 10:50:00|nsome GinkgoWriter|nmy progress report|n  A (Spec Runtime: 5s)|n    cl0.go:12|nSTEP: My Step - cl1.go:37 @ 09/09/25 10:50:00|noutput is interspersed|nmy entry - cl1.go:37 @ 09/09/25 10:50:00|nmy hidden entry - cl1.go:37 @ 09/09/25 10:50:00|nEND STEP: My Step - cl1.go:37 @ 09/09/25 10:50:00 (200ms)|nhere and there|n< Exit |[It|] A - cl0.go:12 @ 09/09/25 10:50:00 (300ms)|n']
##teamcity[testFinished name='|[It|] A' duration='1000']
##teamcity[testStarted name='|[It|] A']
##teamcity[testIgnored name='|[It|] A' message='pending']
##teamcity[testStdOut name='|[It|] A' out='']
##teamcity[testStdErr name='|[It|] A' out='']
##teamcity[testFinished name='|[It|] A' duration='1000']
##teamcity[testStarted name='|[It|] A']
##teamcity[testFailed name='|[It|] A' message='panicked - the panic' details='|[PANICKED|] failure|nmessage|nIn |[It|] at: cl1.go:37 @ 09/09/25 10:50:00|n|nthe panic|n|nFull Stack Trace|n  full-trace|n  cl-1|n']
##teamcity[testStdOut name='|[It|] A' out='some captured stdout|n']
##teamcity[testStdErr name='|[It|] A' out='> Enter |[It|] A - cl0.go:12 @ 09/09/25 10:50:00|n|[PANICKED|] failure|nmessage|nIn |[It|] at: cl1.go:37 @ 09/09/25 10:50:00|n|nthe panic|n|nFull Stack Trace|n  full-trace|n  cl-1|n< Exit |[It|] A - cl0.go:12 @ 09/09/25 10:50:00 (300ms)|n']
##teamcity[testFinished name='|[It|] A' duration='1000']
##teamcity[testStarted name='|[BeforeSuite|] A']
##teamcity[testStdOut name='|[BeforeSuite|] A' out='']
##teamcity[testStdErr name='|[BeforeSuite|] A' out='']
##teamcity[testFinished name='|[BeforeSuite|] A' duration='1000']
##teamcity[testSuiteFinished name='My Suite']

---
